// Jest Snapshot v1, https://goo.gl/fbAQLP

exports[`App component renders App 1`] = `
<form>
  <input
    name="titleInput"
    type="text"
  />
  <input
    name="noteInput"
    type="text"
  />
  <input
    name="authorInput"
    type="text"
  />
</form>
`;
